// Jest Snapshot v1, https://goo.gl/fbAQLP

exports[`InvoiceTableContainer snapshot matches 1`] = `
<Query
  query={
    Object {
      "definitions": Array [
        Object {
          "directives": Array [],
          "kind": "OperationDefinition",
          "name": Object {
            "kind": "Name",
            "value": "invoicesByClient",
          },
          "operation": "query",
          "selectionSet": Object {
            "kind": "SelectionSet",
            "selections": Array [
              Object {
                "alias": undefined,
                "arguments": Array [
                  Object {
                    "kind": "Argument",
                    "name": Object {
                      "kind": "Name",
                      "value": "client",
                    },
                    "value": Object {
                      "kind": "Variable",
                      "name": Object {
                        "kind": "Name",
                        "value": "client",
                      },
                    },
                  },
                ],
                "directives": Array [],
                "kind": "Field",
                "name": Object {
                  "kind": "Name",
                  "value": "invoicesByClient",
                },
                "selectionSet": Object {
                  "kind": "SelectionSet",
                  "selections": Array [
                    Object {
                      "alias": undefined,
                      "arguments": Array [],
                      "directives": Array [],
                      "kind": "Field",
                      "name": Object {
                        "kind": "Name",
                        "value": "id",
                      },
                      "selectionSet": undefined,
                    },
                    Object {
                      "alias": undefined,
                      "arguments": Array [],
                      "directives": Array [],
                      "kind": "Field",
                      "name": Object {
                        "kind": "Name",
                        "value": "issueDate",
                      },
                      "selectionSet": undefined,
                    },
                    Object {
                      "alias": undefined,
                      "arguments": Array [],
                      "directives": Array [],
                      "kind": "Field",
                      "name": Object {
                        "kind": "Name",
                        "value": "net",
                      },
                      "selectionSet": undefined,
                    },
                  ],
                },
              },
            ],
          },
          "variableDefinitions": Array [
            Object {
              "defaultValue": undefined,
              "directives": Array [],
              "kind": "VariableDefinition",
              "type": Object {
                "kind": "NonNullType",
                "type": Object {
                  "kind": "NamedType",
                  "name": Object {
                    "kind": "Name",
                    "value": "String",
                  },
                },
              },
              "variable": Object {
                "kind": "Variable",
                "name": Object {
                  "kind": "Name",
                  "value": "client",
                },
              },
            },
          ],
        },
      ],
      "kind": "Document",
      "loc": Object {
        "end": 161,
        "start": 0,
      },
    }
  }
  variables={
    Object {
      "client": "ARCTICAL",
    }
  }
>
  <Component />
</Query>
`;
