// Jest Snapshot v1, https://goo.gl/fbAQLP

exports[`InvoiceTable snapshot matches 1`] = `
<InvoiceTable
  classes={
    Object {
      "link": "InvoiceTable-link-3",
      "paper": "InvoiceTable-paper-1",
      "table": "InvoiceTable-table-2",
    }
  }
  data={
    Array [
      Object {
        "id": "FAEXP/5/10/2018",
        "issueDate": "10/10/2018",
        "net": 5000,
      },
      Object {
        "id": "FAEXP/4/12/2018",
        "issueDate": "12/12/2018",
        "net": 6000,
      },
    ]
  }
/>
`;
