// Jest Snapshot v1, https://goo.gl/fbAQLP

exports[`Bubble snapshot matches 1`] = `
<div>
  <svg
    height={100}
    width={100}
  />
</div>
`;
